error[E0369]: binary operation `==` cannot be applied to type `thrust_models::Ghost<thrust_models::model::Seq<thrust_models::model::Int>>`
   --> eq_only.rs:11:40
    |
 11 | #[thrust_macros::ensures((!h).produced == (*h).produced)]
    |                          ------------- ^^ ------------- thrust_models::Ghost<thrust_models::model::Seq<thrust_models::model::Int>>
    |                          |
    |                          thrust_models::Ghost<thrust_models::model::Seq<thrust_models::model::Int>>
    |
note: an implementation of `std::cmp::PartialEq` might be missing for `thrust_models::Ghost<thrust_models::model::Seq<thrust_models::model::Int>>`
   --> <thrust std injected>:419:5
    |
419 |     pub struct Ghost<T: ?Sized>(std::marker::PhantomData<T>);
    |     ^^^^^^^^^^^^^^^^^^^^^^^^^^^ must implement `std::cmp::PartialEq`
help: consider annotating `thrust_models::Ghost<thrust_models::model::Seq<thrust_models::model::Int>>` with `#[derive(PartialEq)]`
    |
419 +     #[derive(PartialEq)]
420 |     pub struct Ghost<T: ?Sized>(std::marker::PhantomData<T>);
    |

error: aborting due to 1 previous error

For more information about this error, try `rustc --explain E0369`.
